#include <inttypes.h>
#include <stdlib.h>
#include <string.h>
static int __dredd_some_mutation_enabled = 1;
static int __dredd_enabled_mutation(int local_mutation_id) {
  static int initialized = 0;
  static uint64_t enabled_bitset[3];
  if (!initialized) {
    int some_mutation_enabled = 0;
    const char* dredd_environment_variable = getenv("DREDD_ENABLED_MUTATION");
    if (dredd_environment_variable) {
      char* temp = malloc(strlen(dredd_environment_variable) + 1);
      strcpy(temp, dredd_environment_variable);
      char* token;
      token = strtok(temp, ",");
      while(token) {
        int value = atoi(token);
        int local_value = value - 0;
        if (local_value >= 0 && local_value < 156) {
          enabled_bitset[local_value / 64] |= (1 << (local_value % 64));
          some_mutation_enabled = 1;
        }
        token = strtok(NULL, ",");
      }
      free(temp);
    }
    initialized = 1;
    __dredd_some_mutation_enabled = some_mutation_enabled;
  }
  return enabled_bitset[local_mutation_id / 64] & (1 << (local_mutation_id % 64));
}

static int __dredd_replace_expr_int_uoi_optimised_zero(int arg, int local_mutation_id) {
  if (!__dredd_some_mutation_enabled) return arg;
  if (__dredd_enabled_mutation(local_mutation_id + 0)) return ~(arg);
  if (__dredd_enabled_mutation(local_mutation_id + 1)) return 1;
  if (__dredd_enabled_mutation(local_mutation_id + 2)) return -1;
  return arg;
}

static int __dredd_replace_expr_int_uoi_optimised_one(int arg, int local_mutation_id) {
  if (!__dredd_some_mutation_enabled) return arg;
  if (__dredd_enabled_mutation(local_mutation_id + 0)) return ~(arg);
  if (__dredd_enabled_mutation(local_mutation_id + 1)) return 0;
  if (__dredd_enabled_mutation(local_mutation_id + 2)) return -1;
  return arg;
}

static int __dredd_replace_expr_int_minus_one(int arg, int local_mutation_id) {
  if (!__dredd_some_mutation_enabled) return arg;
  if (__dredd_enabled_mutation(local_mutation_id + 0)) return !(arg);
  if (__dredd_enabled_mutation(local_mutation_id + 1)) return ~(arg);
  if (__dredd_enabled_mutation(local_mutation_id + 2)) return 0;
  if (__dredd_enabled_mutation(local_mutation_id + 3)) return 1;
  return arg;
}

static int __dredd_replace_binary_operator_Assign_int_int(int* arg1, int arg2, int local_mutation_id) {
  if (!__dredd_some_mutation_enabled) return (*arg1) = arg2;
  if (__dredd_enabled_mutation(local_mutation_id + 0)) return (*arg1) += arg2;
  if (__dredd_enabled_mutation(local_mutation_id + 1)) return (*arg1) &= arg2;
  if (__dredd_enabled_mutation(local_mutation_id + 2)) return (*arg1) /= arg2;
  if (__dredd_enabled_mutation(local_mutation_id + 3)) return (*arg1) *= arg2;
  if (__dredd_enabled_mutation(local_mutation_id + 4)) return (*arg1) |= arg2;
  if (__dredd_enabled_mutation(local_mutation_id + 5)) return (*arg1) %= arg2;
  if (__dredd_enabled_mutation(local_mutation_id + 6)) return (*arg1) <<= arg2;
  if (__dredd_enabled_mutation(local_mutation_id + 7)) return (*arg1) >>= arg2;
  if (__dredd_enabled_mutation(local_mutation_id + 8)) return (*arg1) -= arg2;
  if (__dredd_enabled_mutation(local_mutation_id + 9)) return (*arg1) ^= arg2;
  return (*arg1) = arg2;
}

static int __dredd_replace_binary_operator_Add_int_int_rhs_zero_lhs_zero(int arg1, int arg2, int local_mutation_id) {
  if (!__dredd_some_mutation_enabled) return arg1 + arg2;
  if (__dredd_enabled_mutation(local_mutation_id + 0)) return arg1 / arg2;
  return arg1 + arg2;
}

static int __dredd_replace_binary_operator_Add_int_int_rhs_zero_lhs_one(int arg1, int arg2, int local_mutation_id) {
  if (!__dredd_some_mutation_enabled) return arg1 + arg2;
  if (__dredd_enabled_mutation(local_mutation_id + 0)) return arg1 / arg2;
  return arg1 + arg2;
}

static int __dredd_replace_binary_operator_Add_int_int_rhs_zero_lhs_minus_one(int arg1, int arg2, int local_mutation_id) {
  if (!__dredd_some_mutation_enabled) return arg1 + arg2;
  if (__dredd_enabled_mutation(local_mutation_id + 0)) return arg1 / arg2;
  return arg1 + arg2;
}

static int __dredd_replace_binary_operator_Add_int_int_rhs_one_lhs_minus_one(int arg1, int arg2, int local_mutation_id) {
  if (!__dredd_some_mutation_enabled) return arg1 + arg2;
  if (__dredd_enabled_mutation(local_mutation_id + 0)) return arg1 % arg2;
  if (__dredd_enabled_mutation(local_mutation_id + 1)) return arg1 - arg2;
  return arg1 + arg2;
}

static int __dredd_replace_binary_operator_Add_int_int_rhs_minus_one_lhs_zero(int arg1, int arg2, int local_mutation_id) {
  if (!__dredd_some_mutation_enabled) return arg1 + arg2;
  if (__dredd_enabled_mutation(local_mutation_id + 0)) return arg1 - arg2;
  return arg1 + arg2;
}

static int __dredd_replace_binary_operator_Add_int_int_rhs_minus_one_lhs_one(int arg1, int arg2, int local_mutation_id) {
  if (!__dredd_some_mutation_enabled) return arg1 + arg2;
  if (__dredd_enabled_mutation(local_mutation_id + 0)) return arg1 / arg2;
  if (__dredd_enabled_mutation(local_mutation_id + 1)) return arg1 % arg2;
  if (__dredd_enabled_mutation(local_mutation_id + 2)) return arg1 - arg2;
  return arg1 + arg2;
}

int main() {
  int x = __dredd_replace_expr_int_uoi_optimised_zero(__dredd_replace_binary_operator_Add_int_int_rhs_zero_lhs_zero(__dredd_replace_expr_int_uoi_optimised_zero(0, 0) , __dredd_replace_expr_int_uoi_optimised_zero(0, 3), 6), 7);
  if (!__dredd_enabled_mutation(29)) { __dredd_replace_binary_operator_Assign_int_int(&(x) , __dredd_replace_expr_int_uoi_optimised_one(__dredd_replace_expr_int_uoi_optimised_zero(0, 10) + __dredd_replace_expr_int_uoi_optimised_one(1, 13), 16), 19); }
  if (!__dredd_enabled_mutation(50)) { __dredd_replace_binary_operator_Assign_int_int(&(x) , __dredd_replace_expr_int_uoi_optimised_one(__dredd_replace_binary_operator_Add_int_int_rhs_zero_lhs_one(__dredd_replace_expr_int_uoi_optimised_one(1, 30) , __dredd_replace_expr_int_uoi_optimised_zero(0, 33), 36), 37), 40); }
  if (!__dredd_enabled_mutation(76)) { __dredd_replace_binary_operator_Assign_int_int(&(x) , __dredd_replace_expr_int_minus_one(__dredd_replace_binary_operator_Add_int_int_rhs_minus_one_lhs_zero(__dredd_replace_expr_int_uoi_optimised_zero(0, 51) , __dredd_replace_expr_int_minus_one(-__dredd_replace_expr_int_uoi_optimised_one(1, 54), 57), 61), 62), 66); }
  if (!__dredd_enabled_mutation(102)) { __dredd_replace_binary_operator_Assign_int_int(&(x) , __dredd_replace_expr_int_minus_one(__dredd_replace_binary_operator_Add_int_int_rhs_zero_lhs_minus_one(__dredd_replace_expr_int_minus_one(-__dredd_replace_expr_int_uoi_optimised_one(1, 77), 80) , __dredd_replace_expr_int_uoi_optimised_zero(0, 84), 87), 88), 92); }
  if (!__dredd_enabled_mutation(129)) { __dredd_replace_binary_operator_Assign_int_int(&(x) , __dredd_replace_expr_int_uoi_optimised_zero(__dredd_replace_binary_operator_Add_int_int_rhs_minus_one_lhs_one(__dredd_replace_expr_int_uoi_optimised_one(1, 103) , __dredd_replace_expr_int_minus_one(-__dredd_replace_expr_int_uoi_optimised_one(1, 106), 109), 113), 116), 119); }
  if (!__dredd_enabled_mutation(155)) { __dredd_replace_binary_operator_Assign_int_int(&(x) , __dredd_replace_expr_int_uoi_optimised_zero(__dredd_replace_binary_operator_Add_int_int_rhs_one_lhs_minus_one(__dredd_replace_expr_int_minus_one(-__dredd_replace_expr_int_uoi_optimised_one(1, 130), 133) , __dredd_replace_expr_int_uoi_optimised_one(1, 137), 140), 142), 145); }
}
