#include <cinttypes>
#include <cstddef>
#include <functional>
#include <string>

static bool __dredd_some_mutation_enabled = true;
static bool __dredd_enabled_mutation(int local_mutation_id) {
  static bool initialized = false;
  static uint64_t enabled_bitset[3];
  if (!initialized) {
    bool some_mutation_enabled = false;
    const char* dredd_environment_variable = std::getenv("DREDD_ENABLED_MUTATION");
    if (dredd_environment_variable != nullptr) {
      std::string contents(dredd_environment_variable);
      while (true) {
        size_t pos = contents.find(",");
        std::string token = (pos == std::string::npos ? contents : contents.substr(0, pos));
        if (!token.empty()) {
          int value = std::stoi(token);
          int local_value = value - 0;
          if (local_value >= 0 && local_value < 156) {
            enabled_bitset[local_value / 64] |= (1 << (local_value % 64));
            some_mutation_enabled = true;
          }
        }
        if (pos == std::string::npos) {
          break;
        }
        contents.erase(0, pos + 1);
      }
    }
    initialized = true;
    __dredd_some_mutation_enabled = some_mutation_enabled;
  }
  return (enabled_bitset[local_mutation_id / 64] & (1 << (local_mutation_id % 64))) != 0;
}

static int& __dredd_replace_binary_operator_Assign_int_int(std::function<int&()> arg1, std::function<int()> arg2, int local_mutation_id) {
  if (!__dredd_some_mutation_enabled) return arg1() = arg2();
  if (__dredd_enabled_mutation(local_mutation_id + 0)) return arg1() += arg2();
  if (__dredd_enabled_mutation(local_mutation_id + 1)) return arg1() &= arg2();
  if (__dredd_enabled_mutation(local_mutation_id + 2)) return arg1() /= arg2();
  if (__dredd_enabled_mutation(local_mutation_id + 3)) return arg1() *= arg2();
  if (__dredd_enabled_mutation(local_mutation_id + 4)) return arg1() |= arg2();
  if (__dredd_enabled_mutation(local_mutation_id + 5)) return arg1() %= arg2();
  if (__dredd_enabled_mutation(local_mutation_id + 6)) return arg1() <<= arg2();
  if (__dredd_enabled_mutation(local_mutation_id + 7)) return arg1() >>= arg2();
  if (__dredd_enabled_mutation(local_mutation_id + 8)) return arg1() -= arg2();
  if (__dredd_enabled_mutation(local_mutation_id + 9)) return arg1() ^= arg2();
  return arg1() = arg2();
}

static int __dredd_replace_expr_int_uoi_optimised_zero(std::function<int()> arg, int local_mutation_id) {
  if (!__dredd_some_mutation_enabled) return arg();
  if (__dredd_enabled_mutation(local_mutation_id + 0)) return ~(arg());
  if (__dredd_enabled_mutation(local_mutation_id + 1)) return 1;
  if (__dredd_enabled_mutation(local_mutation_id + 2)) return -1;
  return arg();
}

static int __dredd_replace_expr_int_uoi_optimised_one(std::function<int()> arg, int local_mutation_id) {
  if (!__dredd_some_mutation_enabled) return arg();
  if (__dredd_enabled_mutation(local_mutation_id + 0)) return ~(arg());
  if (__dredd_enabled_mutation(local_mutation_id + 1)) return 0;
  if (__dredd_enabled_mutation(local_mutation_id + 2)) return -1;
  return arg();
}

static int __dredd_replace_expr_int_minus_one(std::function<int()> arg, int local_mutation_id) {
  if (!__dredd_some_mutation_enabled) return arg();
  if (__dredd_enabled_mutation(local_mutation_id + 0)) return !(arg());
  if (__dredd_enabled_mutation(local_mutation_id + 1)) return ~(arg());
  if (__dredd_enabled_mutation(local_mutation_id + 2)) return 0;
  if (__dredd_enabled_mutation(local_mutation_id + 3)) return 1;
  return arg();
}

static int __dredd_replace_binary_operator_Add_int_int_rhs_zero_lhs_zero(std::function<int()> arg1, std::function<int()> arg2, int local_mutation_id) {
  if (!__dredd_some_mutation_enabled) return arg1() + arg2();
  if (__dredd_enabled_mutation(local_mutation_id + 0)) return arg1() / arg2();
  return arg1() + arg2();
}

static int __dredd_replace_binary_operator_Add_int_int_rhs_zero_lhs_one(std::function<int()> arg1, std::function<int()> arg2, int local_mutation_id) {
  if (!__dredd_some_mutation_enabled) return arg1() + arg2();
  if (__dredd_enabled_mutation(local_mutation_id + 0)) return arg1() / arg2();
  return arg1() + arg2();
}

static int __dredd_replace_binary_operator_Add_int_int_rhs_zero_lhs_minus_one(std::function<int()> arg1, std::function<int()> arg2, int local_mutation_id) {
  if (!__dredd_some_mutation_enabled) return arg1() + arg2();
  if (__dredd_enabled_mutation(local_mutation_id + 0)) return arg1() / arg2();
  return arg1() + arg2();
}

static int __dredd_replace_binary_operator_Add_int_int_rhs_one_lhs_minus_one(std::function<int()> arg1, std::function<int()> arg2, int local_mutation_id) {
  if (!__dredd_some_mutation_enabled) return arg1() + arg2();
  if (__dredd_enabled_mutation(local_mutation_id + 0)) return arg1() % arg2();
  if (__dredd_enabled_mutation(local_mutation_id + 1)) return arg1() - arg2();
  return arg1() + arg2();
}

static int __dredd_replace_binary_operator_Add_int_int_rhs_minus_one_lhs_zero(std::function<int()> arg1, std::function<int()> arg2, int local_mutation_id) {
  if (!__dredd_some_mutation_enabled) return arg1() + arg2();
  if (__dredd_enabled_mutation(local_mutation_id + 0)) return arg1() - arg2();
  return arg1() + arg2();
}

static int __dredd_replace_binary_operator_Add_int_int_rhs_minus_one_lhs_one(std::function<int()> arg1, std::function<int()> arg2, int local_mutation_id) {
  if (!__dredd_some_mutation_enabled) return arg1() + arg2();
  if (__dredd_enabled_mutation(local_mutation_id + 0)) return arg1() / arg2();
  if (__dredd_enabled_mutation(local_mutation_id + 1)) return arg1() % arg2();
  if (__dredd_enabled_mutation(local_mutation_id + 2)) return arg1() - arg2();
  return arg1() + arg2();
}

int main() {
  int x = __dredd_replace_expr_int_uoi_optimised_zero([&]() -> int { return __dredd_replace_binary_operator_Add_int_int_rhs_zero_lhs_zero([&]() -> int { return static_cast<int>(__dredd_replace_expr_int_uoi_optimised_zero([&]() -> int { return 0; }, 0)); } , [&]() -> int { return static_cast<int>(__dredd_replace_expr_int_uoi_optimised_zero([&]() -> int { return 0; }, 3)); }, 6); }, 7);
  if (!__dredd_enabled_mutation(29)) { __dredd_replace_binary_operator_Assign_int_int([&]() -> int& { return static_cast<int&>(x); } , [&]() -> int { return static_cast<int>(__dredd_replace_expr_int_uoi_optimised_one([&]() -> int { return __dredd_replace_expr_int_uoi_optimised_zero([&]() -> int { return 0; }, 10) + __dredd_replace_expr_int_uoi_optimised_one([&]() -> int { return 1; }, 13); }, 16)); }, 19); }
  if (!__dredd_enabled_mutation(50)) { __dredd_replace_binary_operator_Assign_int_int([&]() -> int& { return static_cast<int&>(x); } , [&]() -> int { return static_cast<int>(__dredd_replace_expr_int_uoi_optimised_one([&]() -> int { return __dredd_replace_binary_operator_Add_int_int_rhs_zero_lhs_one([&]() -> int { return static_cast<int>(__dredd_replace_expr_int_uoi_optimised_one([&]() -> int { return 1; }, 30)); } , [&]() -> int { return static_cast<int>(__dredd_replace_expr_int_uoi_optimised_zero([&]() -> int { return 0; }, 33)); }, 36); }, 37)); }, 40); }
  if (!__dredd_enabled_mutation(76)) { __dredd_replace_binary_operator_Assign_int_int([&]() -> int& { return static_cast<int&>(x); } , [&]() -> int { return static_cast<int>(__dredd_replace_expr_int_minus_one([&]() -> int { return __dredd_replace_binary_operator_Add_int_int_rhs_minus_one_lhs_zero([&]() -> int { return static_cast<int>(__dredd_replace_expr_int_uoi_optimised_zero([&]() -> int { return 0; }, 51)); } , [&]() -> int { return static_cast<int>(__dredd_replace_expr_int_minus_one([&]() -> int { return -__dredd_replace_expr_int_uoi_optimised_one([&]() -> int { return 1; }, 54); }, 57)); }, 61); }, 62)); }, 66); }
  if (!__dredd_enabled_mutation(102)) { __dredd_replace_binary_operator_Assign_int_int([&]() -> int& { return static_cast<int&>(x); } , [&]() -> int { return static_cast<int>(__dredd_replace_expr_int_minus_one([&]() -> int { return __dredd_replace_binary_operator_Add_int_int_rhs_zero_lhs_minus_one([&]() -> int { return static_cast<int>(__dredd_replace_expr_int_minus_one([&]() -> int { return -__dredd_replace_expr_int_uoi_optimised_one([&]() -> int { return 1; }, 77); }, 80)); } , [&]() -> int { return static_cast<int>(__dredd_replace_expr_int_uoi_optimised_zero([&]() -> int { return 0; }, 84)); }, 87); }, 88)); }, 92); }
  if (!__dredd_enabled_mutation(129)) { __dredd_replace_binary_operator_Assign_int_int([&]() -> int& { return static_cast<int&>(x); } , [&]() -> int { return static_cast<int>(__dredd_replace_expr_int_uoi_optimised_zero([&]() -> int { return __dredd_replace_binary_operator_Add_int_int_rhs_minus_one_lhs_one([&]() -> int { return static_cast<int>(__dredd_replace_expr_int_uoi_optimised_one([&]() -> int { return 1; }, 103)); } , [&]() -> int { return static_cast<int>(__dredd_replace_expr_int_minus_one([&]() -> int { return -__dredd_replace_expr_int_uoi_optimised_one([&]() -> int { return 1; }, 106); }, 109)); }, 113); }, 116)); }, 119); }
  if (!__dredd_enabled_mutation(155)) { __dredd_replace_binary_operator_Assign_int_int([&]() -> int& { return static_cast<int&>(x); } , [&]() -> int { return static_cast<int>(__dredd_replace_expr_int_uoi_optimised_zero([&]() -> int { return __dredd_replace_binary_operator_Add_int_int_rhs_one_lhs_minus_one([&]() -> int { return static_cast<int>(__dredd_replace_expr_int_minus_one([&]() -> int { return -__dredd_replace_expr_int_uoi_optimised_one([&]() -> int { return 1; }, 130); }, 133)); } , [&]() -> int { return static_cast<int>(__dredd_replace_expr_int_uoi_optimised_one([&]() -> int { return 1; }, 137)); }, 140); }, 142)); }, 145); }
}
